I'm sorry, but errors were detected in your script. Please correct the
errors listed below, and try again.


File "game/screens.rpy", line 1750: 'Solid' is not a keyword argument or valid child of the text statement.
    text "갤러리" xalign 0.5 yalign 0.1 Solid("000000")
                                    ^

Ren'Py Version: Ren'Py 8.5.2.26010301
Wed Jan  7 18:31:59 2026
